// Jest Snapshot v1, https://jestjs.io/docs/snapshot-testing

exports[`src/components/topBar should match snapshot for focalboardPlugin 1`] = `
<div>
  <div
    class="TopBar"
  >
    <div
      class="versionFrame"
    >
      <div
        class="version"
        title="v1.0.0"
      >
        v1.0.0
      </div>
    </div>
  </div>
</div>
`;

exports[`src/components/topBar should match snapshot for none focalboardPlugin 1`] = `<div />`;
